2026-10-09 00:00:00 host=lab-srv-01 [systemd] service stopped cleanly
2026-10-09 00:00:23 host=lab-srv-02 [kernel] network interface state changed
2026-10-09 00:00:46 host=lab-srv-03 [rsyslog] log rotation completed
2026-10-09 00:01:09 host=lab-srv-04 [systemd] scheduled task executed
2026-10-09 00:01:32 host=lab-srv-01 [systemd] health check passed
2026-10-09 00:01:55 host=lab-srv-02 [sshd] memory pressure threshold observed
2026-10-09 00:02:18 host=lab-srv-03 [rsyslog] log rotation completed
2026-10-09 00:02:41 host=lab-srv-04 [kernel] authentication attempt accepted
2026-10-09 00:03:04 host=lab-srv-01 [cron] network interface state changed
2026-10-09 00:03:27 host=lab-srv-02 [cron] service started
2026-10-09 00:03:50 host=lab-srv-03 [systemd] temporary resource unavailable
2026-10-09 00:04:13 host=lab-srv-04 [sshd] health check passed
2026-10-09 00:04:36 host=lab-srv-01 [rsyslog] service started
2026-10-09 00:04:59 host=lab-srv-02 [sshd] memory pressure threshold observed
2026-10-09 00:05:22 host=lab-srv-03 [sshd] service started
2026-10-09 00:05:45 host=lab-srv-04 [kernel] log rotation completed
2026-10-09 00:06:08 host=lab-srv-01 [sshd] disk usage check completed
2026-10-09 00:06:31 host=lab-srv-02 [systemd] service started
2026-10-09 00:06:54 host=lab-srv-03 [cron] temporary resource unavailable
2026-10-09 00:07:17 host=lab-srv-04 [NetworkManager] service stopped cleanly
2026-10-09 00:07:40 host=lab-srv-01 [cron] disk usage check completed
2026-10-09 00:08:03 host=lab-srv-02 [kernel] health check passed
2026-10-09 00:08:26 host=lab-srv-03 [NetworkManager] log rotation completed
2026-10-09 00:08:49 host=lab-srv-04 [sshd] health check passed
2026-10-09 00:09:12 host=lab-srv-01 [kernel] disk usage check completed
2026-10-09 00:09:35 host=lab-srv-02 [sshd] service stopped cleanly
2026-10-09 00:09:58 host=lab-srv-03 [cron] scheduled task executed
2026-10-09 00:10:21 host=lab-srv-04 [rsyslog] log rotation completed
2026-10-09 00:10:44 host=lab-srv-01 [rsyslog] disk usage check completed
2026-10-09 00:11:07 host=lab-srv-02 [rsyslog] scheduled task executed
2026-10-09 00:11:30 host=lab-srv-03 [systemd] network interface state changed
2026-10-09 00:11:53 host=lab-srv-04 [cron] temporary resource unavailable
2026-10-09 00:12:16 host=lab-srv-01 [rsyslog] authentication attempt accepted
2026-10-09 00:12:39 host=lab-srv-02 [sshd] temporary resource unavailable
2026-10-09 00:13:02 host=lab-srv-03 [rsyslog] memory pressure threshold observed
2026-10-09 00:13:25 host=lab-srv-04 [kernel] health check passed
2026-10-09 00:13:48 host=lab-srv-01 [cron] service stopped cleanly
2026-10-09 00:14:11 host=lab-srv-02 [kernel] service stopped cleanly
2026-10-09 00:14:34 host=lab-srv-03 [sshd] scheduled task executed
2026-10-09 00:14:57 host=lab-srv-04 [kernel] network interface state changed
2026-10-09 00:15:20 host=lab-srv-01 [sshd] service started
2026-10-09 00:15:43 host=lab-srv-02 [cron] memory pressure threshold observed
2026-10-09 00:16:06 host=lab-srv-03 [sshd] log rotation completed
2026-10-09 00:16:29 host=lab-srv-04 [cron] network interface state changed
2026-10-09 00:16:52 host=lab-srv-01 [cron] temporary resource unavailable
2026-10-09 00:17:15 host=lab-srv-02 [rsyslog] temporary resource unavailable
2026-10-09 00:17:38 host=lab-srv-03 [systemd] disk usage check completed
2026-10-09 00:18:01 host=lab-srv-04 [rsyslog] network interface state changed
2026-10-09 00:18:24 host=lab-srv-01 [rsyslog] authentication attempt accepted
2026-10-09 00:18:47 host=lab-srv-02 [systemd] service stopped cleanly
2026-10-09 00:19:10 host=lab-srv-03 [kernel] disk usage check completed
2026-10-09 00:19:33 host=lab-srv-04 [sshd] memory pressure threshold observed
2026-10-09 00:19:56 host=lab-srv-01 [rsyslog] health check passed
2026-10-09 00:20:19 host=lab-srv-02 [rsyslog] disk usage check completed
2026-10-09 00:20:42 host=lab-srv-03 [rsyslog] service stopped cleanly
2026-10-09 00:21:05 host=lab-srv-04 [rsyslog] disk usage check completed
2026-10-09 00:21:28 host=lab-srv-01 [cron] temporary resource unavailable
2026-10-09 00:21:51 host=lab-srv-02 [sshd] authentication attempt accepted
2026-10-09 00:22:14 host=lab-srv-03 [sshd] log rotation completed
2026-10-09 00:22:37 host=lab-srv-04 [sshd] log rotation completed
2026-10-09 00:23:00 host=lab-srv-01 [rsyslog] temporary resource unavailable
2026-10-09 00:23:23 host=lab-srv-02 [cron] memory pressure threshold observed
2026-10-09 00:23:46 host=lab-srv-03 [rsyslog] health check passed
2026-10-09 00:24:09 host=lab-srv-04 [kernel] health check passed
2026-10-09 00:24:32 host=lab-srv-01 [rsyslog] authentication attempt accepted
2026-10-09 00:24:55 host=lab-srv-02 [sshd] temporary resource unavailable
2026-10-09 00:25:18 host=lab-srv-03 [systemd] health check passed
2026-10-09 00:25:41 host=lab-srv-04 [kernel] health check passed
2026-10-09 00:26:04 host=lab-srv-01 [rsyslog] network interface state changed
2026-10-09 00:26:27 host=lab-srv-02 [systemd] temporary resource unavailable
2026-10-09 00:26:50 host=lab-srv-03 [systemd] service started
2026-10-09 00:27:13 host=lab-srv-04 [NetworkManager] health check passed
2026-10-09 00:27:36 host=lab-srv-01 [sshd] temporary resource unavailable
2026-10-09 00:27:59 host=lab-srv-02 [NetworkManager] scheduled task executed
2026-10-09 00:28:22 host=lab-srv-03 [sshd] network interface state changed
2026-10-09 00:28:45 host=lab-srv-04 [NetworkManager] log rotation completed
2026-10-09 00:29:08 host=lab-srv-01 [systemd] authentication attempt accepted
2026-10-09 00:29:31 host=lab-srv-02 [rsyslog] temporary resource unavailable
2026-10-09 00:29:54 host=lab-srv-03 [kernel] service stopped cleanly
2026-10-09 00:30:17 host=lab-srv-04 [NetworkManager] log rotation completed
2026-10-09 00:30:40 host=lab-srv-01 [systemd] log rotation completed
2026-10-09 00:31:03 host=lab-srv-02 [sshd] health check passed
2026-10-09 00:31:26 host=lab-srv-03 [kernel] log rotation completed
2026-10-09 00:31:49 host=lab-srv-04 [NetworkManager] service started
2026-10-09 00:32:12 host=lab-srv-01 [NetworkManager] log rotation completed
2026-10-09 00:32:35 host=lab-srv-02 [rsyslog] disk usage check completed
2026-10-09 00:32:58 host=lab-srv-03 [rsyslog] service started
2026-10-09 00:33:21 host=lab-srv-04 [kernel] disk usage check completed
2026-10-09 00:33:44 host=lab-srv-01 [systemd] authentication attempt accepted
2026-10-09 00:34:07 host=lab-srv-02 [NetworkManager] service stopped cleanly
2026-10-09 00:34:30 host=lab-srv-03 [systemd] memory pressure threshold observed
2026-10-09 00:34:53 host=lab-srv-04 [cron] service stopped cleanly
2026-10-09 00:35:16 host=lab-srv-01 [NetworkManager] service started
2026-10-09 00:35:39 host=lab-srv-02 [systemd] log rotation completed
2026-10-09 00:36:02 host=lab-srv-03 [systemd] disk usage check completed
2026-10-09 00:36:25 host=lab-srv-04 [kernel] scheduled task executed
2026-10-09 00:36:48 host=lab-srv-01 [sshd] memory pressure threshold observed
2026-10-09 00:37:11 host=lab-srv-02 [cron] memory pressure threshold observed
2026-10-09 00:37:34 host=lab-srv-03 [kernel] memory pressure threshold observed
2026-10-09 00:37:57 host=lab-srv-04 [kernel] service stopped cleanly
2026-10-09 00:38:20 host=lab-srv-01 [rsyslog] health check passed
2026-10-09 00:38:43 host=lab-srv-02 [sshd] network interface state changed
2026-10-09 00:39:06 host=lab-srv-03 [systemd] scheduled task executed
2026-10-09 00:39:29 host=lab-srv-04 [NetworkManager] memory pressure threshold observed
2026-10-09 00:39:52 host=lab-srv-01 [NetworkManager] scheduled task executed
2026-10-09 00:40:15 host=lab-srv-02 [rsyslog] authentication attempt accepted
2026-10-09 00:40:38 host=lab-srv-03 [systemd] service started
2026-10-09 00:41:01 host=lab-srv-04 [cron] log rotation completed
2026-10-09 00:41:24 host=lab-srv-01 [rsyslog] health check passed
2026-10-09 00:41:47 host=lab-srv-02 [kernel] health check passed
2026-10-09 00:42:10 host=lab-srv-03 [kernel] authentication attempt accepted
2026-10-09 00:42:33 host=lab-srv-04 [sshd] log rotation completed
2026-10-09 00:42:56 host=lab-srv-01 [cron] scheduled task executed
2026-10-09 00:43:19 host=lab-srv-02 [cron] authentication attempt accepted
2026-10-09 00:43:42 host=lab-srv-03 [rsyslog] service stopped cleanly
2026-10-09 00:44:05 host=lab-srv-04 [systemd] memory pressure threshold observed
2026-10-09 00:44:28 host=lab-srv-01 [NetworkManager] service started
2026-10-09 00:44:51 host=lab-srv-02 [sshd] authentication attempt accepted
2026-10-09 00:45:14 host=lab-srv-03 [systemd] service stopped cleanly
2026-10-09 00:45:37 host=lab-srv-04 [NetworkManager] service started
2026-10-09 00:46:00 host=lab-srv-01 [kernel] temporary resource unavailable
2026-10-09 00:46:23 host=lab-srv-02 [rsyslog] service started
2026-10-09 00:46:46 host=lab-srv-03 [sshd] service started
2026-10-09 00:47:09 host=lab-srv-04 [kernel] log rotation completed
2026-10-09 00:47:32 host=lab-srv-01 [sshd] health check passed
2026-10-09 00:47:55 host=lab-srv-02 [sshd] service started
2026-10-09 00:48:18 host=lab-srv-03 [sshd] health check passed
2026-10-09 00:48:41 host=lab-srv-04 [cron] authentication attempt accepted
2026-10-09 00:49:04 host=lab-srv-01 [rsyslog] temporary resource unavailable
2026-10-09 00:49:27 host=lab-srv-02 [cron] temporary resource unavailable
2026-10-09 00:49:50 host=lab-srv-03 [NetworkManager] network interface state changed
2026-10-09 00:50:13 host=lab-srv-04 [sshd] disk usage check completed
2026-10-09 00:50:36 host=lab-srv-01 [sshd] health check passed
2026-10-09 00:50:59 host=lab-srv-02 [sshd] memory pressure threshold observed
2026-10-09 00:51:22 host=lab-srv-03 [cron] disk usage check completed
2026-10-09 00:51:45 host=lab-srv-04 [systemd] health check passed
2026-10-09 00:52:08 host=lab-srv-01 [NetworkManager] scheduled task executed
2026-10-09 00:52:31 host=lab-srv-02 [rsyslog] memory pressure threshold observed
2026-10-09 00:52:54 host=lab-srv-03 [NetworkManager] log rotation completed
2026-10-09 00:53:17 host=lab-srv-04 [systemd] network interface state changed
2026-10-09 00:53:40 host=lab-srv-01 [rsyslog] memory pressure threshold observed
2026-10-09 00:54:03 host=lab-srv-02 [NetworkManager] network interface state changed
2026-10-09 00:54:26 host=lab-srv-03 [rsyslog] memory pressure threshold observed
2026-10-09 00:54:49 host=lab-srv-04 [kernel] scheduled task executed
2026-10-09 00:55:12 host=lab-srv-01 [cron] memory pressure threshold observed
2026-10-09 00:55:35 host=lab-srv-02 [sshd] health check passed
2026-10-09 00:55:58 host=lab-srv-03 [kernel] authentication attempt accepted
2026-10-09 00:56:21 host=lab-srv-04 [sshd] disk usage check completed
2026-10-09 00:56:44 host=lab-srv-01 [rsyslog] scheduled task executed
2026-10-09 00:57:07 host=lab-srv-02 [kernel] service started
2026-10-09 00:57:30 host=lab-srv-03 [NetworkManager] memory pressure threshold observed
2026-10-09 00:57:53 host=lab-srv-04 [kernel] health check passed
2026-10-09 00:58:16 host=lab-srv-01 [NetworkManager] scheduled task executed
2026-10-09 00:58:39 host=lab-srv-02 [kernel] authentication attempt accepted
2026-10-09 00:59:02 host=lab-srv-03 [cron] authentication attempt accepted
2026-10-09 00:59:25 host=lab-srv-04 [cron] service stopped cleanly
2026-10-09 00:59:48 host=lab-srv-01 [kernel] network interface state changed
2026-10-09 01:00:11 host=lab-srv-02 [systemd] health check passed
2026-10-09 01:00:34 host=lab-srv-03 [rsyslog] authentication attempt accepted
2026-10-09 01:00:57 host=lab-srv-04 [systemd] disk usage check completed
2026-10-09 01:01:20 host=lab-srv-01 [kernel] temporary resource unavailable
2026-10-09 01:01:43 host=lab-srv-02 [NetworkManager] service started
2026-10-09 01:02:06 host=lab-srv-03 [systemd] authentication attempt accepted
2026-10-09 01:02:29 host=lab-srv-04 [NetworkManager] health check passed
2026-10-09 01:02:52 host=lab-srv-01 [sshd] log rotation completed
2026-10-09 01:03:15 host=lab-srv-02 [sshd] network interface state changed
2026-10-09 01:03:38 host=lab-srv-03 [cron] service started
2026-10-09 01:04:01 host=lab-srv-04 [sshd] authentication attempt accepted
2026-10-09 01:04:24 host=lab-srv-01 [rsyslog] service stopped cleanly
2026-10-09 01:04:47 host=lab-srv-02 [rsyslog] log rotation completed
2026-10-09 01:05:10 host=lab-srv-03 [sshd] temporary resource unavailable
2026-10-09 01:05:33 host=lab-srv-04 [rsyslog] authentication attempt accepted
2026-10-09 01:05:56 host=lab-srv-01 [kernel] authentication attempt accepted
2026-10-09 01:06:19 host=lab-srv-02 [NetworkManager] network interface state changed
2026-10-09 01:06:42 host=lab-srv-03 [cron] memory pressure threshold observed
2026-10-09 01:07:05 host=lab-srv-04 [kernel] health check passed
2026-10-09 01:07:28 host=lab-srv-01 [rsyslog] network interface state changed
2026-10-09 01:07:51 host=lab-srv-02 [cron] disk usage check completed
2026-10-09 01:08:14 host=lab-srv-03 [cron] health check passed
2026-10-09 01:08:37 host=lab-srv-04 [kernel] log rotation completed
2026-10-09 01:09:00 host=lab-srv-01 [systemd] log rotation completed
2026-10-09 01:09:23 host=lab-srv-02 [cron] authentication attempt accepted
2026-10-09 01:09:46 host=lab-srv-03 [cron] network interface state changed
2026-10-09 01:10:09 host=lab-srv-04 [kernel] service started
2026-10-09 01:10:32 host=lab-srv-01 [NetworkManager] authentication attempt accepted
2026-10-09 01:10:55 host=lab-srv-02 [rsyslog] scheduled task executed
2026-10-09 01:11:18 host=lab-srv-03 [systemd] disk usage check completed
2026-10-09 01:11:41 host=lab-srv-04 [NetworkManager] temporary resource unavailable
2026-10-09 01:12:04 host=lab-srv-01 [NetworkManager] memory pressure threshold observed
2026-10-09 01:12:27 host=lab-srv-02 [cron] scheduled task executed
2026-10-09 01:12:50 host=lab-srv-03 [sshd] network interface state changed
2026-10-09 01:13:13 host=lab-srv-04 [sshd] memory pressure threshold observed
2026-10-09 01:13:36 host=lab-srv-01 [NetworkManager] authentication attempt accepted
2026-10-09 01:13:59 host=lab-srv-02 [kernel] health check passed
2026-10-09 01:14:22 host=lab-srv-03 [rsyslog] network interface state changed
2026-10-09 01:14:45 host=lab-srv-04 [cron] log rotation completed
2026-10-09 01:15:08 host=lab-srv-01 [rsyslog] log rotation completed
2026-10-09 01:15:31 host=lab-srv-02 [kernel] scheduled task executed
2026-10-09 01:15:54 host=lab-srv-03 [rsyslog] network interface state changed
2026-10-09 01:16:17 host=lab-srv-04 [sshd] scheduled task executed
2026-10-09 01:16:40 host=lab-srv-01 [rsyslog] health check passed
2026-10-09 01:17:03 host=lab-srv-02 [kernel] scheduled task executed
2026-10-09 01:17:26 host=lab-srv-03 [NetworkManager] service started
2026-10-09 01:17:49 host=lab-srv-04 [NetworkManager] service started
2026-10-09 01:18:12 host=lab-srv-01 [systemd] service started
2026-10-09 01:18:35 host=lab-srv-02 [systemd] memory pressure threshold observed
2026-10-09 01:18:58 host=lab-srv-03 [sshd] authentication attempt accepted
2026-10-09 01:19:21 host=lab-srv-04 [systemd] scheduled task executed
2026-10-09 01:19:44 host=lab-srv-01 [systemd] authentication attempt accepted
2026-10-09 01:20:07 host=lab-srv-02 [NetworkManager] log rotation completed
2026-10-09 01:20:30 host=lab-srv-03 [cron] service started
2026-10-09 01:20:53 host=lab-srv-04 [NetworkManager] temporary resource unavailable
2026-10-09 01:21:16 host=lab-srv-01 [kernel] log rotation completed
2026-10-09 01:21:39 host=lab-srv-02 [systemd] service started
2026-10-09 01:22:02 host=lab-srv-03 [NetworkManager] health check passed
2026-10-09 01:22:25 host=lab-srv-04 [kernel] service started
2026-10-09 01:22:48 host=lab-srv-01 [systemd] health check passed
2026-10-09 01:23:11 host=lab-srv-02 [rsyslog] disk usage check completed
2026-10-09 01:23:34 host=lab-srv-03 [NetworkManager] disk usage check completed
2026-10-09 01:23:57 host=lab-srv-04 [systemd] health check passed
2026-10-09 01:24:20 host=lab-srv-01 [rsyslog] memory pressure threshold observed
2026-10-09 01:24:43 host=lab-srv-02 [sshd] service stopped cleanly
2026-10-09 01:25:06 host=lab-srv-03 [systemd] health check passed
2026-10-09 01:25:29 host=lab-srv-04 [sshd] authentication attempt accepted
2026-10-09 01:25:52 host=lab-srv-01 [sshd] temporary resource unavailable
2026-10-09 01:26:15 host=lab-srv-02 [NetworkManager] disk usage check completed
2026-10-09 01:26:38 host=lab-srv-03 [cron] disk usage check completed
2026-10-09 01:27:01 host=lab-srv-04 [kernel] service stopped cleanly
2026-10-09 01:27:24 host=lab-srv-01 [cron] memory pressure threshold observed
2026-10-09 01:27:47 host=lab-srv-02 [kernel] temporary resource unavailable
2026-10-09 01:28:10 host=lab-srv-03 [sshd] authentication attempt accepted
2026-10-09 01:28:33 host=lab-srv-04 [cron] service stopped cleanly
2026-10-09 01:28:56 host=lab-srv-01 [rsyslog] service started
2026-10-09 01:29:19 host=lab-srv-02 [systemd] memory pressure threshold observed
2026-10-09 01:29:42 host=lab-srv-03 [kernel] memory pressure threshold observed
2026-10-09 01:30:05 host=lab-srv-04 [NetworkManager] log rotation completed
2026-10-09 01:30:28 host=lab-srv-01 [systemd] service started
2026-10-09 01:30:51 host=lab-srv-02 [rsyslog] scheduled task executed
2026-10-09 01:31:14 host=lab-srv-03 [systemd] log rotation completed
2026-10-09 01:31:37 host=lab-srv-04 [kernel] network interface state changed
2026-10-09 01:32:00 host=lab-srv-01 [NetworkManager] service stopped cleanly
2026-10-09 01:32:23 host=lab-srv-02 [NetworkManager] service started
2026-10-09 01:32:46 host=lab-srv-03 [sshd] authentication attempt accepted
2026-10-09 01:33:09 host=lab-srv-04 [rsyslog] temporary resource unavailable
2026-10-09 01:33:32 host=lab-srv-01 [kernel] disk usage check completed
2026-10-09 01:33:55 host=lab-srv-02 [systemd] service stopped cleanly
2026-10-09 01:34:18 host=lab-srv-03 [rsyslog] disk usage check completed
2026-10-09 01:34:41 host=lab-srv-04 [NetworkManager] temporary resource unavailable
2026-10-09 01:35:04 host=lab-srv-01 [rsyslog] service started
2026-10-09 01:35:27 host=lab-srv-02 [sshd] network interface state changed
2026-10-09 01:35:50 host=lab-srv-03 [systemd] authentication attempt accepted
2026-10-09 01:36:13 host=lab-srv-04 [NetworkManager] scheduled task executed
2026-10-09 01:36:36 host=lab-srv-01 [rsyslog] memory pressure threshold observed
2026-10-09 01:36:59 host=lab-srv-02 [systemd] disk usage check completed
2026-10-09 01:37:22 host=lab-srv-03 [sshd] temporary resource unavailable
2026-10-09 01:37:45 host=lab-srv-04 [sshd] temporary resource unavailable
2026-10-09 01:38:08 host=lab-srv-01 [kernel] health check passed
2026-10-09 01:38:31 host=lab-srv-02 [cron] memory pressure threshold observed
2026-10-09 01:38:54 host=lab-srv-03 [rsyslog] scheduled task executed
2026-10-09 01:39:17 host=lab-srv-04 [rsyslog] service stopped cleanly
2026-10-09 01:39:40 host=lab-srv-01 [NetworkManager] network interface state changed
2026-10-09 01:40:03 host=lab-srv-02 [systemd] service stopped cleanly
2026-10-09 01:40:26 host=lab-srv-03 [kernel] authentication attempt accepted
2026-10-09 01:40:49 host=lab-srv-04 [systemd] network interface state changed
2026-10-09 01:41:12 host=lab-srv-01 [NetworkManager] temporary resource unavailable
2026-10-09 01:41:35 host=lab-srv-02 [NetworkManager] memory pressure threshold observed
2026-10-09 01:41:58 host=lab-srv-03 [cron] service started
2026-10-09 01:42:21 host=lab-srv-04 [rsyslog] disk usage check completed
2026-10-09 01:42:44 host=lab-srv-01 [kernel] log rotation completed
2026-10-09 01:43:07 host=lab-srv-02 [sshd] network interface state changed
2026-10-09 01:43:30 host=lab-srv-03 [NetworkManager] memory pressure threshold observed
2026-10-09 01:43:53 host=lab-srv-04 [kernel] scheduled task executed
2026-10-09 01:44:16 host=lab-srv-01 [rsyslog] temporary resource unavailable
2026-10-09 01:44:39 host=lab-srv-02 [rsyslog] memory pressure threshold observed
2026-10-09 01:45:02 host=lab-srv-03 [systemd] temporary resource unavailable
2026-10-09 01:45:25 host=lab-srv-04 [cron] authentication attempt accepted
2026-10-09 01:45:48 host=lab-srv-01 [rsyslog] service stopped cleanly
2026-10-09 01:46:11 host=lab-srv-02 [systemd] disk usage check completed
2026-10-09 01:46:34 host=lab-srv-03 [sshd] memory pressure threshold observed
2026-10-09 01:46:57 host=lab-srv-04 [rsyslog] scheduled task executed
2026-10-09 01:47:20 host=lab-srv-01 [rsyslog] memory pressure threshold observed
2026-10-09 01:47:43 host=lab-srv-02 [cron] network interface state changed
2026-10-09 01:48:06 host=lab-srv-03 [systemd] service stopped cleanly
2026-10-09 01:48:29 host=lab-srv-04 [systemd] disk usage check completed
2026-10-09 01:48:52 host=lab-srv-01 [kernel] network interface state changed
2026-10-09 01:49:15 host=lab-srv-02 [cron] service stopped cleanly
2026-10-09 01:49:38 host=lab-srv-03 [sshd] service stopped cleanly
2026-10-09 01:50:01 host=lab-srv-04 [sshd] memory pressure threshold observed
2026-10-09 01:50:24 host=lab-srv-01 [kernel] health check passed
2026-10-09 01:50:47 host=lab-srv-02 [NetworkManager] health check passed
2026-10-09 01:51:10 host=lab-srv-03 [kernel] service stopped cleanly
2026-10-09 01:51:33 host=lab-srv-04 [systemd] service stopped cleanly
2026-10-09 01:51:56 host=lab-srv-01 [cron] health check passed
2026-10-09 01:52:19 host=lab-srv-02 [systemd] temporary resource unavailable
2026-10-09 01:52:42 host=lab-srv-03 [NetworkManager] network interface state changed
2026-10-09 01:53:05 host=lab-srv-04 [kernel] service started
2026-10-09 01:53:28 host=lab-srv-01 [cron] memory pressure threshold observed
2026-10-09 01:53:51 host=lab-srv-02 [kernel] service stopped cleanly
2026-10-09 01:54:14 host=lab-srv-03 [rsyslog] health check passed
2026-10-09 01:54:37 host=lab-srv-04 [sshd] temporary resource unavailable
2026-10-09 01:55:00 host=lab-srv-01 [NetworkManager] scheduled task executed
2026-10-09 01:55:23 host=lab-srv-02 [rsyslog] memory pressure threshold observed
2026-10-09 01:55:46 host=lab-srv-03 [sshd] scheduled task executed
2026-10-09 01:56:09 host=lab-srv-04 [cron] disk usage check completed
2026-10-09 01:56:32 host=lab-srv-01 [cron] log rotation completed
2026-10-09 01:56:55 host=lab-srv-02 [sshd] service stopped cleanly
2026-10-09 01:57:18 host=lab-srv-03 [sshd] memory pressure threshold observed
2026-10-09 01:57:41 host=lab-srv-04 [cron] memory pressure threshold observed
2026-10-09 01:58:04 host=lab-srv-01 [cron] log rotation completed
2026-10-09 01:58:27 host=lab-srv-02 [systemd] network interface state changed
2026-10-09 01:58:50 host=lab-srv-03 [cron] authentication attempt accepted
2026-10-09 01:59:13 host=lab-srv-04 [rsyslog] log rotation completed
2026-10-09 01:59:36 host=lab-srv-01 [NetworkManager] temporary resource unavailable
2026-10-09 01:59:59 host=lab-srv-02 [sshd] log rotation completed
2026-10-09 02:00:22 host=lab-srv-03 [systemd] scheduled task executed
2026-10-09 02:00:45 host=lab-srv-04 [cron] service started
2026-10-09 02:01:08 host=lab-srv-01 [kernel] network interface state changed
2026-10-09 02:01:31 host=lab-srv-02 [NetworkManager] memory pressure threshold observed
2026-10-09 02:01:54 host=lab-srv-03 [cron] log rotation completed
2026-10-09 02:02:17 host=lab-srv-04 [cron] memory pressure threshold observed
2026-10-09 02:02:40 host=lab-srv-01 [rsyslog] temporary resource unavailable
2026-10-09 02:03:03 host=lab-srv-02 [sshd] disk usage check completed
2026-10-09 02:03:26 host=lab-srv-03 [cron] temporary resource unavailable
2026-10-09 02:03:49 host=lab-srv-04 [rsyslog] authentication attempt accepted
2026-10-09 02:04:12 host=lab-srv-01 [kernel] network interface state changed
2026-10-09 02:04:35 host=lab-srv-02 [sshd] memory pressure threshold observed
2026-10-09 02:04:58 host=lab-srv-03 [cron] disk usage check completed
2026-10-09 02:05:21 host=lab-srv-04 [rsyslog] log rotation completed
2026-10-09 02:05:44 host=lab-srv-01 [NetworkManager] authentication attempt accepted
2026-10-09 02:06:07 host=lab-srv-02 [cron] memory pressure threshold observed
2026-10-09 02:06:30 host=lab-srv-03 [cron] memory pressure threshold observed
2026-10-09 02:06:53 host=lab-srv-04 [cron] service stopped cleanly
2026-10-09 02:07:16 host=lab-srv-01 [NetworkManager] authentication attempt accepted
2026-10-09 02:07:39 host=lab-srv-02 [NetworkManager] health check passed
2026-10-09 02:08:02 host=lab-srv-03 [sshd] health check passed
2026-10-09 02:08:25 host=lab-srv-04 [systemd] log rotation completed
2026-10-09 02:08:48 host=lab-srv-01 [rsyslog] authentication attempt accepted
2026-10-09 02:09:11 host=lab-srv-02 [kernel] disk usage check completed
2026-10-09 02:09:34 host=lab-srv-03 [rsyslog] service stopped cleanly
2026-10-09 02:09:57 host=lab-srv-04 [kernel] log rotation completed
2026-10-09 02:10:20 host=lab-srv-01 [sshd] disk usage check completed
2026-10-09 02:10:43 host=lab-srv-02 [sshd] disk usage check completed
2026-10-09 02:11:06 host=lab-srv-03 [rsyslog] scheduled task executed
2026-10-09 02:11:29 host=lab-srv-04 [rsyslog] memory pressure threshold observed
2026-10-09 02:11:52 host=lab-srv-01 [kernel] service stopped cleanly
2026-10-09 02:12:15 host=lab-srv-02 [kernel] temporary resource unavailable
2026-10-09 02:12:38 host=lab-srv-03 [kernel] temporary resource unavailable
2026-10-09 02:13:01 host=lab-srv-04 [kernel] health check passed
2026-10-09 02:13:24 host=lab-srv-01 [NetworkManager] memory pressure threshold observed
2026-10-09 02:13:47 host=lab-srv-02 [NetworkManager] service started
2026-10-09 02:14:10 host=lab-srv-03 [cron] health check passed
2026-10-09 02:14:33 host=lab-srv-04 [NetworkManager] service stopped cleanly
2026-10-09 02:14:56 host=lab-srv-01 [systemd] authentication attempt accepted
2026-10-09 02:15:19 host=lab-srv-02 [rsyslog] network interface state changed
2026-10-09 02:15:42 host=lab-srv-03 [sshd] temporary resource unavailable
2026-10-09 02:16:05 host=lab-srv-04 [systemd] temporary resource unavailable
2026-10-09 02:16:28 host=lab-srv-01 [rsyslog] memory pressure threshold observed
2026-10-09 02:16:51 host=lab-srv-02 [cron] memory pressure threshold observed
2026-10-09 02:17:14 host=lab-srv-03 [systemd] service started
2026-10-09 02:17:37 host=lab-srv-04 [systemd] disk usage check completed
2026-10-09 02:18:00 host=lab-srv-01 [sshd] health check passed
2026-10-09 02:18:23 host=lab-srv-02 [rsyslog] health check passed
2026-10-09 02:18:46 host=lab-srv-03 [NetworkManager] temporary resource unavailable
2026-10-09 02:19:09 host=lab-srv-04 [rsyslog] temporary resource unavailable
2026-10-09 02:19:32 host=lab-srv-01 [sshd] log rotation completed
2026-10-09 02:19:55 host=lab-srv-02 [cron] memory pressure threshold observed
2026-10-09 02:20:18 host=lab-srv-03 [kernel] temporary resource unavailable
2026-10-09 02:20:41 host=lab-srv-04 [rsyslog] health check passed
2026-10-09 02:21:04 host=lab-srv-01 [sshd] network interface state changed
2026-10-09 02:21:27 host=lab-srv-02 [systemd] log rotation completed
2026-10-09 02:21:50 host=lab-srv-03 [systemd] disk usage check completed
2026-10-09 02:22:13 host=lab-srv-04 [kernel] service stopped cleanly
2026-10-09 02:22:36 host=lab-srv-01 [systemd] scheduled task executed
2026-10-09 02:22:59 host=lab-srv-02 [cron] disk usage check completed
2026-10-09 02:23:22 host=lab-srv-03 [cron] log rotation completed
2026-10-09 02:23:45 host=lab-srv-04 [sshd] health check passed
2026-10-09 02:24:08 host=lab-srv-01 [kernel] network interface state changed
2026-10-09 02:24:31 host=lab-srv-02 [kernel] service stopped cleanly
2026-10-09 02:24:54 host=lab-srv-03 [kernel] log rotation completed
2026-10-09 02:25:17 host=lab-srv-04 [cron] service stopped cleanly
2026-10-09 02:25:40 host=lab-srv-01 [cron] service started
2026-10-09 02:26:03 host=lab-srv-02 [rsyslog] service stopped cleanly
2026-10-09 02:26:26 host=lab-srv-03 [systemd] network interface state changed
2026-10-09 02:26:49 host=lab-srv-04 [rsyslog] service stopped cleanly
2026-10-09 02:27:12 host=lab-srv-01 [rsyslog] scheduled task executed
2026-10-09 02:27:35 host=lab-srv-02 [rsyslog] authentication attempt accepted
2026-10-09 02:27:58 host=lab-srv-03 [NetworkManager] scheduled task executed
2026-10-09 02:28:21 host=lab-srv-04 [NetworkManager] scheduled task executed
2026-10-09 02:28:44 host=lab-srv-01 [cron] health check passed
2026-10-09 02:29:07 host=lab-srv-02 [kernel] log rotation completed
2026-10-09 02:29:30 host=lab-srv-03 [sshd] memory pressure threshold observed
2026-10-09 02:29:53 host=lab-srv-04 [rsyslog] scheduled task executed
2026-10-09 02:30:16 host=lab-srv-01 [sshd] memory pressure threshold observed
2026-10-09 02:30:39 host=lab-srv-02 [kernel] service started
2026-10-09 02:31:02 host=lab-srv-03 [rsyslog] temporary resource unavailable
2026-10-09 02:31:25 host=lab-srv-04 [sshd] log rotation completed
2026-10-09 02:31:48 host=lab-srv-01 [NetworkManager] memory pressure threshold observed
2026-10-09 02:32:11 host=lab-srv-02 [kernel] service started
2026-10-09 02:32:34 host=lab-srv-03 [rsyslog] authentication attempt accepted
2026-10-09 02:32:57 host=lab-srv-04 [sshd] disk usage check completed
2026-10-09 02:33:20 host=lab-srv-01 [rsyslog] service stopped cleanly
2026-10-09 02:33:43 host=lab-srv-02 [NetworkManager] service stopped cleanly
2026-10-09 02:34:06 host=lab-srv-03 [NetworkManager] scheduled task executed
2026-10-09 02:34:29 host=lab-srv-04 [cron] network interface state changed
2026-10-09 02:34:52 host=lab-srv-01 [sshd] log rotation completed
2026-10-09 02:35:15 host=lab-srv-02 [systemd] disk usage check completed
2026-10-09 02:35:38 host=lab-srv-03 [rsyslog] log rotation completed
2026-10-09 02:36:01 host=lab-srv-04 [NetworkManager] network interface state changed
2026-10-09 02:36:24 host=lab-srv-01 [NetworkManager] memory pressure threshold observed
2026-10-09 02:36:47 host=lab-srv-02 [NetworkManager] memory pressure threshold observed
2026-10-09 02:37:10 host=lab-srv-03 [NetworkManager] service stopped cleanly
2026-10-09 02:37:33 host=lab-srv-04 [cron] network interface state changed
2026-10-09 02:37:56 host=lab-srv-01 [kernel] temporary resource unavailable
2026-10-09 02:38:19 host=lab-srv-02 [sshd] disk usage check completed
2026-10-09 02:38:42 host=lab-srv-03 [NetworkManager] temporary resource unavailable
2026-10-09 02:39:05 host=lab-srv-04 [systemd] scheduled task executed
2026-10-09 02:39:28 host=lab-srv-01 [cron] service stopped cleanly
2026-10-09 02:39:51 host=lab-srv-02 [sshd] disk usage check completed
2026-10-09 02:40:14 host=lab-srv-03 [systemd] scheduled task executed
2026-10-09 02:40:37 host=lab-srv-04 [cron] scheduled task executed
2026-10-09 02:41:00 host=lab-srv-01 [NetworkManager] memory pressure threshold observed
2026-10-09 02:41:23 host=lab-srv-02 [kernel] temporary resource unavailable
2026-10-09 02:41:46 host=lab-srv-03 [sshd] temporary resource unavailable
2026-10-09 02:42:09 host=lab-srv-04 [kernel] memory pressure threshold observed
2026-10-09 02:42:32 host=lab-srv-01 [sshd] log rotation completed
2026-10-09 02:42:55 host=lab-srv-02 [rsyslog] health check passed
2026-10-09 02:43:18 host=lab-srv-03 [rsyslog] scheduled task executed
2026-10-09 02:43:41 host=lab-srv-04 [NetworkManager] scheduled task executed
2026-10-09 02:44:04 host=lab-srv-01 [kernel] disk usage check completed
2026-10-09 02:44:27 host=lab-srv-02 [sshd] scheduled task executed
2026-10-09 02:44:50 host=lab-srv-03 [cron] log rotation completed
2026-10-09 02:45:13 host=lab-srv-04 [NetworkManager] service started
2026-10-09 02:45:36 host=lab-srv-01 [cron] service started
2026-10-09 02:45:59 host=lab-srv-02 [kernel] scheduled task executed
2026-10-09 02:46:22 host=lab-srv-03 [sshd] memory pressure threshold observed
2026-10-09 02:46:45 host=lab-srv-04 [NetworkManager] health check passed
2026-10-09 02:47:08 host=lab-srv-01 [rsyslog] log rotation completed
2026-10-09 02:47:31 host=lab-srv-02 [kernel] log rotation completed
2026-10-09 02:47:54 host=lab-srv-03 [kernel] log rotation completed
2026-10-09 02:48:17 host=lab-srv-04 [kernel] scheduled task executed
2026-10-09 02:48:40 host=lab-srv-01 [systemd] temporary resource unavailable
2026-10-09 02:49:03 host=lab-srv-02 [systemd] authentication attempt accepted
2026-10-09 02:49:26 host=lab-srv-03 [cron] service started
2026-10-09 02:49:49 host=lab-srv-04 [cron] authentication attempt accepted
2026-10-09 02:50:12 host=lab-srv-01 [NetworkManager] disk usage check completed
2026-10-09 02:50:35 host=lab-srv-02 [sshd] log rotation completed
2026-10-09 02:50:58 host=lab-srv-03 [NetworkManager] log rotation completed
2026-10-09 02:51:21 host=lab-srv-04 [NetworkManager] health check passed
2026-10-09 02:51:44 host=lab-srv-01 [systemd] temporary resource unavailable
2026-10-09 02:52:07 host=lab-srv-02 [systemd] disk usage check completed
2026-10-09 02:52:30 host=lab-srv-03 [NetworkManager] network interface state changed
2026-10-09 02:52:53 host=lab-srv-04 [NetworkManager] service started
2026-10-09 02:53:16 host=lab-srv-01 [rsyslog] log rotation completed
2026-10-09 02:53:39 host=lab-srv-02 [NetworkManager] authentication attempt accepted
2026-10-09 02:54:02 host=lab-srv-03 [kernel] service stopped cleanly
2026-10-09 02:54:25 host=lab-srv-04 [rsyslog] authentication attempt accepted
2026-10-09 02:54:48 host=lab-srv-01 [cron] service started
2026-10-09 02:55:11 host=lab-srv-02 [kernel] disk usage check completed
2026-10-09 02:55:34 host=lab-srv-03 [cron] service stopped cleanly
2026-10-09 02:55:57 host=lab-srv-04 [kernel] service stopped cleanly
2026-10-09 02:56:20 host=lab-srv-01 [sshd] authentication attempt accepted
2026-10-09 02:56:43 host=lab-srv-02 [rsyslog] temporary resource unavailable
2026-10-09 02:57:06 host=lab-srv-03 [rsyslog] network interface state changed
2026-10-09 02:57:29 host=lab-srv-04 [rsyslog] temporary resource unavailable
2026-10-09 02:57:52 host=lab-srv-01 [rsyslog] memory pressure threshold observed
2026-10-09 02:58:15 host=lab-srv-02 [sshd] temporary resource unavailable
2026-10-09 02:58:38 host=lab-srv-03 [sshd] authentication attempt accepted
2026-10-09 02:59:01 host=lab-srv-04 [sshd] service started
2026-10-09 02:59:24 host=lab-srv-01 [NetworkManager] network interface state changed
2026-10-09 02:59:47 host=lab-srv-02 [NetworkManager] disk usage check completed
2026-10-09 03:00:10 host=lab-srv-03 [NetworkManager] health check passed
2026-10-09 03:00:33 host=lab-srv-04 [sshd] network interface state changed
2026-10-09 03:00:56 host=lab-srv-01 [rsyslog] disk usage check completed
2026-10-09 03:01:19 host=lab-srv-02 [cron] temporary resource unavailable
2026-10-09 03:01:42 host=lab-srv-03 [cron] health check passed
2026-10-09 03:02:05 host=lab-srv-04 [rsyslog] service stopped cleanly
2026-10-09 03:02:28 host=lab-srv-01 [sshd] memory pressure threshold observed
2026-10-09 03:02:51 host=lab-srv-02 [systemd] disk usage check completed
2026-10-09 03:03:14 host=lab-srv-03 [rsyslog] scheduled task executed
2026-10-09 03:03:37 host=lab-srv-04 [rsyslog] scheduled task executed
2026-10-09 03:04:00 host=lab-srv-01 [sshd] scheduled task executed
2026-10-09 03:04:23 host=lab-srv-02 [rsyslog] network interface state changed
2026-10-09 03:04:46 host=lab-srv-03 [sshd] memory pressure threshold observed
2026-10-09 03:05:09 host=lab-srv-04 [kernel] scheduled task executed
2026-10-09 03:05:32 host=lab-srv-01 [NetworkManager] disk usage check completed
2026-10-09 03:05:55 host=lab-srv-02 [rsyslog] memory pressure threshold observed
2026-10-09 03:06:18 host=lab-srv-03 [kernel] log rotation completed
2026-10-09 03:06:41 host=lab-srv-04 [systemd] service stopped cleanly
2026-10-09 03:07:04 host=lab-srv-01 [kernel] health check passed
2026-10-09 03:07:27 host=lab-srv-02 [rsyslog] disk usage check completed
2026-10-09 03:07:50 host=lab-srv-03 [rsyslog] network interface state changed
2026-10-09 03:08:13 host=lab-srv-04 [kernel] log rotation completed
2026-10-09 03:08:36 host=lab-srv-01 [cron] temporary resource unavailable
2026-10-09 03:08:59 host=lab-srv-02 [systemd] service stopped cleanly
2026-10-09 03:09:22 host=lab-srv-03 [rsyslog] log rotation completed
2026-10-09 03:09:45 host=lab-srv-04 [rsyslog] network interface state changed
2026-10-09 03:10:08 host=lab-srv-01 [systemd] health check passed
2026-10-09 03:10:31 host=lab-srv-02 [kernel] authentication attempt accepted
2026-10-09 03:10:54 host=lab-srv-03 [kernel] authentication attempt accepted
2026-10-09 03:11:17 host=lab-srv-04 [kernel] disk usage check completed
2026-10-09 03:11:40 host=lab-srv-01 [cron] disk usage check completed
2026-10-09 03:12:03 host=lab-srv-02 [cron] health check passed
2026-10-09 03:12:26 host=lab-srv-03 [NetworkManager] scheduled task executed
2026-10-09 03:12:49 host=lab-srv-04 [NetworkManager] log rotation completed
2026-10-09 03:13:12 host=lab-srv-01 [cron] service started
2026-10-09 03:13:35 host=lab-srv-02 [systemd] service stopped cleanly
2026-10-09 03:13:58 host=lab-srv-03 [rsyslog] log rotation completed
2026-10-09 03:14:21 host=lab-srv-04 [systemd] service stopped cleanly
2026-10-09 03:14:44 host=lab-srv-01 [sshd] log rotation completed
2026-10-09 03:15:07 host=lab-srv-02 [kernel] service started
2026-10-09 03:15:30 host=lab-srv-03 [kernel] authentication attempt accepted
2026-10-09 03:15:53 host=lab-srv-04 [rsyslog] scheduled task executed
2026-10-09 03:16:16 host=lab-srv-01 [rsyslog] disk usage check completed
2026-10-09 03:16:39 host=lab-srv-02 [sshd] disk usage check completed
2026-10-09 03:17:02 host=lab-srv-03 [systemd] network interface state changed
2026-10-09 03:17:25 host=lab-srv-04 [cron] service stopped cleanly
2026-10-09 03:17:48 host=lab-srv-01 [cron] scheduled task executed
2026-10-09 03:18:11 host=lab-srv-02 [systemd] memory pressure threshold observed
2026-10-09 03:18:34 host=lab-srv-03 [rsyslog] disk usage check completed
2026-10-09 03:18:57 host=lab-srv-04 [rsyslog] authentication attempt accepted
2026-10-09 03:19:20 host=lab-srv-01 [kernel] service stopped cleanly
2026-10-09 03:19:43 host=lab-srv-02 [rsyslog] service stopped cleanly
2026-10-09 03:20:06 host=lab-srv-03 [systemd] authentication attempt accepted
2026-10-09 03:20:29 host=lab-srv-04 [kernel] service stopped cleanly
2026-10-09 03:20:52 host=lab-srv-01 [sshd] temporary resource unavailable
2026-10-09 03:21:15 host=lab-srv-02 [sshd] health check passed
2026-10-09 03:21:38 host=lab-srv-03 [rsyslog] log rotation completed
2026-10-09 03:22:01 host=lab-srv-04 [systemd] service started
2026-10-09 03:22:24 host=lab-srv-01 [rsyslog] network interface state changed
2026-10-09 03:22:47 host=lab-srv-02 [systemd] memory pressure threshold observed
2026-10-09 03:23:10 host=lab-srv-03 [rsyslog] scheduled task executed
2026-10-09 03:23:33 host=lab-srv-04 [kernel] service stopped cleanly
2026-10-09 03:23:56 host=lab-srv-01 [sshd] memory pressure threshold observed
2026-10-09 03:24:19 host=lab-srv-02 [systemd] service stopped cleanly
2026-10-09 03:24:42 host=lab-srv-03 [systemd] network interface state changed
2026-10-09 03:25:05 host=lab-srv-04 [cron] disk usage check completed
2026-10-09 03:25:28 host=lab-srv-01 [sshd] memory pressure threshold observed
2026-10-09 03:25:51 host=lab-srv-02 [sshd] scheduled task executed
2026-10-09 03:26:14 host=lab-srv-03 [systemd] health check passed
2026-10-09 03:26:37 host=lab-srv-04 [NetworkManager] service started
2026-10-09 03:27:00 host=lab-srv-01 [NetworkManager] scheduled task executed
2026-10-09 03:27:23 host=lab-srv-02 [kernel] network interface state changed
2026-10-09 03:27:46 host=lab-srv-03 [rsyslog] authentication attempt accepted
2026-10-09 03:28:09 host=lab-srv-04 [rsyslog] scheduled task executed
2026-10-09 03:28:32 host=lab-srv-01 [kernel] temporary resource unavailable
2026-10-09 03:28:55 host=lab-srv-02 [rsyslog] log rotation completed
2026-10-09 03:29:18 host=lab-srv-03 [sshd] service stopped cleanly
2026-10-09 03:29:41 host=lab-srv-04 [systemd] scheduled task executed
2026-10-09 03:30:04 host=lab-srv-01 [systemd] temporary resource unavailable
2026-10-09 03:30:27 host=lab-srv-02 [rsyslog] memory pressure threshold observed
2026-10-09 03:30:50 host=lab-srv-03 [cron] memory pressure threshold observed
2026-10-09 03:31:13 host=lab-srv-04 [cron] scheduled task executed
2026-10-09 03:31:36 host=lab-srv-01 [sshd] disk usage check completed
2026-10-09 03:31:59 host=lab-srv-02 [rsyslog] service stopped cleanly
2026-10-09 03:32:22 host=lab-srv-03 [sshd] health check passed
2026-10-09 03:32:45 host=lab-srv-04 [NetworkManager] temporary resource unavailable
2026-10-09 03:33:08 host=lab-srv-01 [rsyslog] temporary resource unavailable
2026-10-09 03:33:31 host=lab-srv-02 [cron] service started
2026-10-09 03:33:54 host=lab-srv-03 [rsyslog] disk usage check completed
2026-10-09 03:34:17 host=lab-srv-04 [sshd] health check passed
2026-10-09 03:34:40 host=lab-srv-01 [NetworkManager] health check passed
2026-10-09 03:35:03 host=lab-srv-02 [sshd] memory pressure threshold observed
2026-10-09 03:35:26 host=lab-srv-03 [cron] service started
2026-10-09 03:35:49 host=lab-srv-04 [sshd] log rotation completed
2026-10-09 03:36:12 host=lab-srv-01 [kernel] service stopped cleanly
2026-10-09 03:36:35 host=lab-srv-02 [sshd] log rotation completed
2026-10-09 03:36:58 host=lab-srv-03 [rsyslog] temporary resource unavailable
2026-10-09 03:37:21 host=lab-srv-04 [systemd] health check passed
2026-10-09 03:37:44 host=lab-srv-01 [systemd] network interface state changed
2026-10-09 03:38:07 host=lab-srv-02 [cron] scheduled task executed
2026-10-09 03:38:30 host=lab-srv-03 [kernel] temporary resource unavailable
2026-10-09 03:38:53 host=lab-srv-04 [kernel] network interface state changed
2026-10-09 03:39:16 host=lab-srv-01 [NetworkManager] scheduled task executed
2026-10-09 03:39:39 host=lab-srv-02 [kernel] service stopped cleanly
2026-10-09 03:40:02 host=lab-srv-03 [systemd] temporary resource unavailable
2026-10-09 03:40:25 host=lab-srv-04 [systemd] service started
2026-10-09 03:40:48 host=lab-srv-01 [cron] authentication attempt accepted
2026-10-09 03:41:11 host=lab-srv-02 [systemd] service started
2026-10-09 03:41:34 host=lab-srv-03 [kernel] health check passed
2026-10-09 03:41:57 host=lab-srv-04 [cron] health check passed
2026-10-09 03:42:20 host=lab-srv-01 [kernel] memory pressure threshold observed
2026-10-09 03:42:43 host=lab-srv-02 [rsyslog] memory pressure threshold observed
2026-10-09 03:43:06 host=lab-srv-03 [systemd] health check passed
2026-10-09 03:43:29 host=lab-srv-04 [NetworkManager] temporary resource unavailable
2026-10-09 03:43:52 host=lab-srv-01 [sshd] disk usage check completed
2026-10-09 03:44:15 host=lab-srv-02 [systemd] disk usage check completed
2026-10-09 03:44:38 host=lab-srv-03 [systemd] health check passed
2026-10-09 03:45:01 host=lab-srv-04 [sshd] scheduled task executed
2026-10-09 03:45:24 host=lab-srv-01 [NetworkManager] network interface state changed
2026-10-09 03:45:47 host=lab-srv-02 [kernel] temporary resource unavailable
2026-10-09 03:46:10 host=lab-srv-03 [rsyslog] service stopped cleanly
2026-10-09 03:46:33 host=lab-srv-04 [cron] memory pressure threshold observed
2026-10-09 03:46:56 host=lab-srv-01 [rsyslog] authentication attempt accepted
2026-10-09 03:47:19 host=lab-srv-02 [systemd] authentication attempt accepted
2026-10-09 03:47:42 host=lab-srv-03 [systemd] memory pressure threshold observed
2026-10-09 03:48:05 host=lab-srv-04 [systemd] log rotation completed
2026-10-09 03:48:28 host=lab-srv-01 [NetworkManager] temporary resource unavailable
2026-10-09 03:48:51 host=lab-srv-02 [systemd] disk usage check completed
2026-10-09 03:49:14 host=lab-srv-03 [rsyslog] scheduled task executed
2026-10-09 03:49:37 host=lab-srv-04 [systemd] service started
2026-10-09 03:50:00 host=lab-srv-01 [rsyslog] scheduled task executed
2026-10-09 03:50:23 host=lab-srv-02 [rsyslog] service started
2026-10-09 03:50:46 host=lab-srv-03 [sshd] log rotation completed
2026-10-09 03:51:09 host=lab-srv-04 [cron] health check passed
2026-10-09 03:51:32 host=lab-srv-01 [NetworkManager] disk usage check completed
2026-10-09 03:51:55 host=lab-srv-02 [sshd] network interface state changed
2026-10-09 03:52:18 host=lab-srv-03 [sshd] disk usage check completed
2026-10-09 03:52:41 host=lab-srv-04 [rsyslog] service stopped cleanly
2026-10-09 03:53:04 host=lab-srv-01 [systemd] network interface state changed
2026-10-09 03:53:27 host=lab-srv-02 [kernel] disk usage check completed
2026-10-09 03:53:50 host=lab-srv-03 [NetworkManager] service stopped cleanly
2026-10-09 03:54:13 host=lab-srv-04 [cron] temporary resource unavailable
2026-10-09 03:54:36 host=lab-srv-01 [rsyslog] service stopped cleanly
2026-10-09 03:54:59 host=lab-srv-02 [kernel] log rotation completed
2026-10-09 03:55:22 host=lab-srv-03 [NetworkManager] network interface state changed
2026-10-09 03:55:45 host=lab-srv-04 [systemd] log rotation completed
2026-10-09 03:56:08 host=lab-srv-01 [NetworkManager] scheduled task executed
2026-10-09 03:56:31 host=lab-srv-02 [cron] scheduled task executed
2026-10-09 03:56:54 host=lab-srv-03 [cron] service stopped cleanly
2026-10-09 03:57:17 host=lab-srv-04 [NetworkManager] service stopped cleanly
2026-10-09 03:57:40 host=lab-srv-01 [sshd] health check passed
2026-10-09 03:58:03 host=lab-srv-02 [systemd] service started
2026-10-09 03:58:26 host=lab-srv-03 [systemd] authentication attempt accepted
2026-10-09 03:58:49 host=lab-srv-04 [systemd] log rotation completed
2026-10-09 03:59:12 host=lab-srv-01 [cron] memory pressure threshold observed
2026-10-09 03:59:35 host=lab-srv-02 [sshd] scheduled task executed
2026-10-09 03:59:58 host=lab-srv-03 [systemd] health check passed
2026-10-09 04:00:21 host=lab-srv-04 [rsyslog] memory pressure threshold observed
2026-10-09 04:00:44 host=lab-srv-01 [sshd] network interface state changed
2026-10-09 04:01:07 host=lab-srv-02 [sshd] memory pressure threshold observed
2026-10-09 04:01:30 host=lab-srv-03 [rsyslog] network interface state changed
2026-10-09 04:01:53 host=lab-srv-04 [cron] service stopped cleanly
2026-10-09 04:02:16 host=lab-srv-01 [NetworkManager] network interface state changed
2026-10-09 04:02:39 host=lab-srv-02 [systemd] health check passed
2026-10-09 04:03:02 host=lab-srv-03 [rsyslog] service started
2026-10-09 04:03:25 host=lab-srv-04 [sshd] authentication attempt accepted
2026-10-09 04:03:48 host=lab-srv-01 [NetworkManager] service started
2026-10-09 04:04:11 host=lab-srv-02 [kernel] service stopped cleanly
2026-10-09 04:04:34 host=lab-srv-03 [kernel] disk usage check completed
2026-10-09 04:04:57 host=lab-srv-04 [cron] network interface state changed
2026-10-09 04:05:20 host=lab-srv-01 [systemd] health check passed
2026-10-09 04:05:43 host=lab-srv-02 [kernel] service started
2026-10-09 04:06:06 host=lab-srv-03 [cron] authentication attempt accepted
2026-10-09 04:06:29 host=lab-srv-04 [cron] temporary resource unavailable
2026-10-09 04:06:52 host=lab-srv-01 [cron] temporary resource unavailable
2026-10-09 04:07:15 host=lab-srv-02 [sshd] log rotation completed
2026-10-09 04:07:38 host=lab-srv-03 [cron] temporary resource unavailable
2026-10-09 04:08:01 host=lab-srv-04 [kernel] authentication attempt accepted
2026-10-09 04:08:24 host=lab-srv-01 [rsyslog] health check passed
2026-10-09 04:08:47 host=lab-srv-02 [sshd] scheduled task executed
2026-10-09 04:09:10 host=lab-srv-03 [systemd] memory pressure threshold observed
2026-10-09 04:09:33 host=lab-srv-04 [systemd] authentication attempt accepted
2026-10-09 04:09:56 host=lab-srv-01 [NetworkManager] network interface state changed
2026-10-09 04:10:19 host=lab-srv-02 [rsyslog] service started
2026-10-09 04:10:42 host=lab-srv-03 [cron] service started
2026-10-09 04:11:05 host=lab-srv-04 [rsyslog] memory pressure threshold observed
2026-10-09 04:11:28 host=lab-srv-01 [rsyslog] disk usage check completed
2026-10-09 04:11:51 host=lab-srv-02 [systemd] authentication attempt accepted
2026-10-09 04:12:14 host=lab-srv-03 [NetworkManager] authentication attempt accepted
2026-10-09 04:12:37 host=lab-srv-04 [kernel] log rotation completed
2026-10-09 04:13:00 host=lab-srv-01 [systemd] scheduled task executed
2026-10-09 04:13:23 host=lab-srv-02 [rsyslog] disk usage check completed
2026-10-09 04:13:46 host=lab-srv-03 [systemd] service started
2026-10-09 04:14:09 host=lab-srv-04 [sshd] health check passed
2026-10-09 04:14:32 host=lab-srv-01 [kernel] network interface state changed
2026-10-09 04:14:55 host=lab-srv-02 [kernel] service stopped cleanly
2026-10-09 04:15:18 host=lab-srv-03 [NetworkManager] service stopped cleanly
2026-10-09 04:15:41 host=lab-srv-04 [NetworkManager] scheduled task executed
2026-10-09 04:16:04 host=lab-srv-01 [rsyslog] memory pressure threshold observed
2026-10-09 04:16:27 host=lab-srv-02 [systemd] temporary resource unavailable
2026-10-09 04:16:50 host=lab-srv-03 [NetworkManager] service started
2026-10-09 04:17:13 host=lab-srv-04 [kernel] scheduled task executed
2026-10-09 04:17:36 host=lab-srv-01 [sshd] disk usage check completed
2026-10-09 04:17:59 host=lab-srv-02 [cron] network interface state changed
2026-10-09 04:18:22 host=lab-srv-03 [kernel] network interface state changed
2026-10-09 04:18:45 host=lab-srv-04 [cron] log rotation completed
2026-10-09 04:19:08 host=lab-srv-01 [cron] authentication attempt accepted
2026-10-09 04:19:31 host=lab-srv-02 [systemd] authentication attempt accepted
2026-10-09 04:19:54 host=lab-srv-03 [sshd] temporary resource unavailable
2026-10-09 04:20:17 host=lab-srv-04 [systemd] scheduled task executed
2026-10-09 04:20:40 host=lab-srv-01 [systemd] scheduled task executed
2026-10-09 04:21:03 host=lab-srv-02 [kernel] log rotation completed
2026-10-09 04:21:26 host=lab-srv-03 [cron] memory pressure threshold observed
2026-10-09 04:21:49 host=lab-srv-04 [systemd] health check passed
2026-10-09 04:22:12 host=lab-srv-01 [cron] authentication attempt accepted
2026-10-09 04:22:35 host=lab-srv-02 [kernel] disk usage check completed
2026-10-09 04:22:58 host=lab-srv-03 [kernel] disk usage check completed
2026-10-09 04:23:21 host=lab-srv-04 [systemd] service stopped cleanly
2026-10-09 04:23:44 host=lab-srv-01 [sshd] disk usage check completed
2026-10-09 04:24:07 host=lab-srv-02 [rsyslog] temporary resource unavailable
2026-10-09 04:24:30 host=lab-srv-03 [systemd] authentication attempt accepted
2026-10-09 04:24:53 host=lab-srv-04 [cron] scheduled task executed
2026-10-09 04:25:16 host=lab-srv-01 [systemd] authentication attempt accepted
2026-10-09 04:25:39 host=lab-srv-02 [cron] memory pressure threshold observed
2026-10-09 04:26:02 host=lab-srv-03 [NetworkManager] service started
2026-10-09 04:26:25 host=lab-srv-04 [rsyslog] disk usage check completed
2026-10-09 04:26:48 host=lab-srv-01 [cron] scheduled task executed
2026-10-09 04:27:11 host=lab-srv-02 [systemd] memory pressure threshold observed
2026-10-09 04:27:34 host=lab-srv-03 [kernel] health check passed
2026-10-09 04:27:57 host=lab-srv-04 [rsyslog] health check passed
2026-10-09 04:28:20 host=lab-srv-01 [sshd] service stopped cleanly
2026-10-09 04:28:43 host=lab-srv-02 [kernel] service stopped cleanly
2026-10-09 04:29:06 host=lab-srv-03 [sshd] service stopped cleanly
2026-10-09 04:29:29 host=lab-srv-04 [systemd] service started
2026-10-09 04:29:52 host=lab-srv-01 [sshd] scheduled task executed
2026-10-09 04:30:15 host=lab-srv-02 [sshd] memory pressure threshold observed
2026-10-09 04:30:38 host=lab-srv-03 [cron] service stopped cleanly
2026-10-09 04:31:01 host=lab-srv-04 [NetworkManager] temporary resource unavailable
2026-10-09 04:31:24 host=lab-srv-01 [cron] service stopped cleanly
2026-10-09 04:31:47 host=lab-srv-02 [systemd] service stopped cleanly
2026-10-09 04:32:10 host=lab-srv-03 [sshd] log rotation completed
2026-10-09 04:32:33 host=lab-srv-04 [sshd] service stopped cleanly
2026-10-09 04:32:56 host=lab-srv-01 [cron] service stopped cleanly
2026-10-09 04:33:19 host=lab-srv-02 [systemd] log rotation completed
2026-10-09 04:33:42 host=lab-srv-03 [systemd] scheduled task executed
2026-10-09 04:34:05 host=lab-srv-04 [NetworkManager] memory pressure threshold observed
2026-10-09 04:34:28 host=lab-srv-01 [rsyslog] memory pressure threshold observed
2026-10-09 04:34:51 host=lab-srv-02 [kernel] service started
2026-10-09 04:35:14 host=lab-srv-03 [kernel] memory pressure threshold observed
2026-10-09 04:35:37 host=lab-srv-04 [sshd] network interface state changed
2026-10-09 04:36:00 host=lab-srv-01 [sshd] scheduled task executed
2026-10-09 04:36:23 host=lab-srv-02 [cron] disk usage check completed
2026-10-09 04:36:46 host=lab-srv-03 [kernel] scheduled task executed
2026-10-09 04:37:09 host=lab-srv-04 [systemd] temporary resource unavailable
2026-10-09 04:37:32 host=lab-srv-01 [NetworkManager] temporary resource unavailable
2026-10-09 04:37:55 host=lab-srv-02 [sshd] disk usage check completed
2026-10-09 04:38:18 host=lab-srv-03 [kernel] memory pressure threshold observed
2026-10-09 04:38:41 host=lab-srv-04 [NetworkManager] log rotation completed
2026-10-09 04:39:04 host=lab-srv-01 [systemd] service stopped cleanly
2026-10-09 04:39:27 host=lab-srv-02 [cron] memory pressure threshold observed
2026-10-09 04:39:50 host=lab-srv-03 [sshd] memory pressure threshold observed
2026-10-09 04:40:13 host=lab-srv-04 [sshd] health check passed
2026-10-09 04:40:36 host=lab-srv-01 [sshd] health check passed
2026-10-09 04:40:59 host=lab-srv-02 [systemd] memory pressure threshold observed
2026-10-09 04:41:22 host=lab-srv-03 [rsyslog] network interface state changed
2026-10-09 04:41:45 host=lab-srv-04 [kernel] health check passed
2026-10-09 04:42:08 host=lab-srv-01 [kernel] network interface state changed
2026-10-09 04:42:31 host=lab-srv-02 [NetworkManager] health check passed
2026-10-09 04:42:54 host=lab-srv-03 [cron] memory pressure threshold observed
2026-10-09 04:43:17 host=lab-srv-04 [cron] scheduled task executed
2026-10-09 04:43:40 host=lab-srv-01 [systemd] network interface state changed
2026-10-09 04:44:03 host=lab-srv-02 [NetworkManager] authentication attempt accepted
2026-10-09 04:44:26 host=lab-srv-03 [systemd] disk usage check completed
2026-10-09 04:44:49 host=lab-srv-04 [systemd] log rotation completed
2026-10-09 04:45:12 host=lab-srv-01 [NetworkManager] network interface state changed
2026-10-09 04:45:35 host=lab-srv-02 [NetworkManager] authentication attempt accepted
2026-10-09 04:45:58 host=lab-srv-03 [sshd] service stopped cleanly
2026-10-09 04:46:21 host=lab-srv-04 [sshd] authentication attempt accepted
2026-10-09 04:46:44 host=lab-srv-01 [cron] health check passed
2026-10-09 04:47:07 host=lab-srv-02 [rsyslog] service started
2026-10-09 04:47:30 host=lab-srv-03 [sshd] temporary resource unavailable
2026-10-09 04:47:53 host=lab-srv-04 [kernel] network interface state changed
2026-10-09 04:48:16 host=lab-srv-01 [sshd] scheduled task executed
2026-10-09 04:48:39 host=lab-srv-02 [sshd] temporary resource unavailable
2026-10-09 04:49:02 host=lab-srv-03 [cron] network interface state changed
2026-10-09 04:49:25 host=lab-srv-04 [NetworkManager] service started
2026-10-09 04:49:48 host=lab-srv-01 [rsyslog] network interface state changed
2026-10-09 04:50:11 host=lab-srv-02 [NetworkManager] temporary resource unavailable
2026-10-09 04:50:34 host=lab-srv-03 [sshd] temporary resource unavailable
2026-10-09 04:50:57 host=lab-srv-04 [sshd] log rotation completed
2026-10-09 04:51:20 host=lab-srv-01 [NetworkManager] disk usage check completed
2026-10-09 04:51:43 host=lab-srv-02 [sshd] log rotation completed
2026-10-09 04:52:06 host=lab-srv-03 [systemd] service stopped cleanly
2026-10-09 04:52:29 host=lab-srv-04 [systemd] authentication attempt accepted
2026-10-09 04:52:52 host=lab-srv-01 [NetworkManager] authentication attempt accepted
2026-10-09 04:53:15 host=lab-srv-02 [systemd] health check passed
2026-10-09 04:53:38 host=lab-srv-03 [kernel] service started
2026-10-09 04:54:01 host=lab-srv-04 [cron] temporary resource unavailable
2026-10-09 04:54:24 host=lab-srv-01 [sshd] scheduled task executed
2026-10-09 04:54:47 host=lab-srv-02 [cron] scheduled task executed
2026-10-09 04:55:10 host=lab-srv-03 [cron] service started
2026-10-09 04:55:33 host=lab-srv-04 [systemd] scheduled task executed
2026-10-09 04:55:56 host=lab-srv-01 [NetworkManager] scheduled task executed
2026-10-09 04:56:19 host=lab-srv-02 [systemd] health check passed
2026-10-09 04:56:42 host=lab-srv-03 [cron] service stopped cleanly
2026-10-09 04:57:05 host=lab-srv-04 [cron] memory pressure threshold observed
2026-10-09 04:57:28 host=lab-srv-01 [NetworkManager] service stopped cleanly
2026-10-09 04:57:51 host=lab-srv-02 [cron] disk usage check completed
2026-10-09 04:58:14 host=lab-srv-03 [cron] scheduled task executed
2026-10-09 04:58:37 host=lab-srv-04 [sshd] memory pressure threshold observed
2026-10-09 04:59:00 host=lab-srv-01 [rsyslog] log rotation completed
2026-10-09 04:59:23 host=lab-srv-02 [rsyslog] network interface state changed
2026-10-09 04:59:46 host=lab-srv-03 [sshd] health check passed
2026-10-09 05:00:09 host=lab-srv-04 [rsyslog] temporary resource unavailable
2026-10-09 05:00:32 host=lab-srv-01 [cron] authentication attempt accepted
2026-10-09 05:00:55 host=lab-srv-02 [rsyslog] temporary resource unavailable
2026-10-09 05:01:18 host=lab-srv-03 [sshd] memory pressure threshold observed
2026-10-09 05:01:41 host=lab-srv-04 [cron] disk usage check completed
2026-10-09 05:02:04 host=lab-srv-01 [sshd] scheduled task executed
2026-10-09 05:02:27 host=lab-srv-02 [rsyslog] service started
2026-10-09 05:02:50 host=lab-srv-03 [rsyslog] temporary resource unavailable
2026-10-09 05:03:13 host=lab-srv-04 [kernel] temporary resource unavailable
2026-10-09 05:03:36 host=lab-srv-01 [systemd] scheduled task executed
2026-10-09 05:03:59 host=lab-srv-02 [NetworkManager] network interface state changed
2026-10-09 05:04:22 host=lab-srv-03 [NetworkManager] authentication attempt accepted
2026-10-09 05:04:45 host=lab-srv-04 [rsyslog] temporary resource unavailable
2026-10-09 05:05:08 host=lab-srv-01 [systemd] log rotation completed
2026-10-09 05:05:31 host=lab-srv-02 [sshd] network interface state changed
2026-10-09 05:05:54 host=lab-srv-03 [rsyslog] service stopped cleanly
2026-10-09 05:06:17 host=lab-srv-04 [sshd] network interface state changed
2026-10-09 05:06:40 host=lab-srv-01 [cron] scheduled task executed
2026-10-09 05:07:03 host=lab-srv-02 [rsyslog] service stopped cleanly
2026-10-09 05:07:26 host=lab-srv-03 [rsyslog] network interface state changed
2026-10-09 05:07:49 host=lab-srv-04 [kernel] service started
2026-10-09 05:08:12 host=lab-srv-01 [cron] authentication attempt accepted
2026-10-09 05:08:35 host=lab-srv-02 [sshd] service stopped cleanly
2026-10-09 05:08:58 host=lab-srv-03 [cron] disk usage check completed
2026-10-09 05:09:21 host=lab-srv-04 [systemd] service started
2026-10-09 05:09:44 host=lab-srv-01 [systemd] memory pressure threshold observed
2026-10-09 05:10:07 host=lab-srv-02 [kernel] memory pressure threshold observed
2026-10-09 05:10:30 host=lab-srv-03 [sshd] memory pressure threshold observed
2026-10-09 05:10:53 host=lab-srv-04 [kernel] memory pressure threshold observed
2026-10-09 05:11:16 host=lab-srv-01 [cron] health check passed
2026-10-09 05:11:39 host=lab-srv-02 [kernel] service stopped cleanly
2026-10-09 05:12:02 host=lab-srv-03 [kernel] temporary resource unavailable
2026-10-09 05:12:25 host=lab-srv-04 [rsyslog] authentication attempt accepted
2026-10-09 05:12:48 host=lab-srv-01 [sshd] log rotation completed
2026-10-09 05:13:11 host=lab-srv-02 [systemd] service started
2026-10-09 05:13:34 host=lab-srv-03 [cron] service started
2026-10-09 05:13:57 host=lab-srv-04 [cron] disk usage check completed
2026-10-09 05:14:20 host=lab-srv-01 [systemd] service stopped cleanly
2026-10-09 05:14:43 host=lab-srv-02 [cron] scheduled task executed
2026-10-09 05:15:06 host=lab-srv-03 [kernel] scheduled task executed
2026-10-09 05:15:29 host=lab-srv-04 [rsyslog] service stopped cleanly
2026-10-09 05:15:52 host=lab-srv-01 [NetworkManager] service stopped cleanly
2026-10-09 05:16:15 host=lab-srv-02 [cron] temporary resource unavailable
2026-10-09 05:16:38 host=lab-srv-03 [NetworkManager] log rotation completed
2026-10-09 05:17:01 host=lab-srv-04 [rsyslog] service started
2026-10-09 05:17:24 host=lab-srv-01 [kernel] scheduled task executed
2026-10-09 05:17:47 host=lab-srv-02 [NetworkManager] memory pressure threshold observed
2026-10-09 05:18:10 host=lab-srv-03 [sshd] service started
2026-10-09 05:18:33 host=lab-srv-04 [systemd] network interface state changed
2026-10-09 05:18:56 host=lab-srv-01 [sshd] authentication attempt accepted
2026-10-09 05:19:19 host=lab-srv-02 [kernel] health check passed
2026-10-09 05:19:42 host=lab-srv-03 [rsyslog] health check passed
2026-10-09 05:20:05 host=lab-srv-04 [cron] disk usage check completed
2026-10-09 05:20:28 host=lab-srv-01 [cron] authentication attempt accepted
2026-10-09 05:20:51 host=lab-srv-02 [systemd] service started
2026-10-09 05:21:14 host=lab-srv-03 [kernel] temporary resource unavailable
2026-10-09 05:21:37 host=lab-srv-04 [NetworkManager] log rotation completed
2026-10-09 05:22:00 host=lab-srv-01 [sshd] service started
2026-10-09 05:22:23 host=lab-srv-02 [cron] service started
2026-10-09 05:22:46 host=lab-srv-03 [kernel] service stopped cleanly
2026-10-09 05:23:09 host=lab-srv-04 [cron] temporary resource unavailable
2026-10-09 05:23:32 host=lab-srv-01 [kernel] authentication attempt accepted
2026-10-09 05:23:55 host=lab-srv-02 [systemd] service started
2026-10-09 05:24:18 host=lab-srv-03 [sshd] scheduled task executed
2026-10-09 05:24:41 host=lab-srv-04 [rsyslog] disk usage check completed
2026-10-09 05:25:04 host=lab-srv-01 [systemd] log rotation completed
2026-10-09 05:25:27 host=lab-srv-02 [systemd] disk usage check completed
2026-10-09 05:25:50 host=lab-srv-03 [kernel] log rotation completed
2026-10-09 05:26:13 host=lab-srv-04 [kernel] disk usage check completed
2026-10-09 05:26:36 host=lab-srv-01 [systemd] health check passed
2026-10-09 05:26:59 host=lab-srv-02 [kernel] scheduled task executed
2026-10-09 05:27:22 host=lab-srv-03 [cron] memory pressure threshold observed
2026-10-09 05:27:45 host=lab-srv-04 [cron] scheduled task executed
2026-10-09 05:28:08 host=lab-srv-01 [kernel] service started
2026-10-09 05:28:31 host=lab-srv-02 [cron] log rotation completed
2026-10-09 05:28:54 host=lab-srv-03 [kernel] disk usage check completed
2026-10-09 05:29:17 host=lab-srv-04 [sshd] disk usage check completed
2026-10-09 05:29:40 host=lab-srv-01 [NetworkManager] service started
2026-10-09 05:30:03 host=lab-srv-02 [sshd] service stopped cleanly
2026-10-09 05:30:26 host=lab-srv-03 [systemd] network interface state changed
2026-10-09 05:30:49 host=lab-srv-04 [NetworkManager] memory pressure threshold observed
2026-10-09 05:31:12 host=lab-srv-01 [NetworkManager] authentication attempt accepted
2026-10-09 05:31:35 host=lab-srv-02 [NetworkManager] service started
2026-10-09 05:31:58 host=lab-srv-03 [kernel] health check passed
2026-10-09 05:32:21 host=lab-srv-04 [kernel] health check passed
2026-10-09 05:32:44 host=lab-srv-01 [rsyslog] log rotation completed
2026-10-09 05:33:07 host=lab-srv-02 [NetworkManager] authentication attempt accepted
2026-10-09 05:33:30 host=lab-srv-03 [kernel] disk usage check completed
2026-10-09 05:33:53 host=lab-srv-04 [systemd] memory pressure threshold observed
2026-10-09 05:34:16 host=lab-srv-01 [rsyslog] service started
2026-10-09 05:34:39 host=lab-srv-02 [NetworkManager] temporary resource unavailable
2026-10-09 05:35:02 host=lab-srv-03 [NetworkManager] temporary resource unavailable
2026-10-09 05:35:25 host=lab-srv-04 [rsyslog] temporary resource unavailable
2026-10-09 05:35:48 host=lab-srv-01 [sshd] service stopped cleanly
2026-10-09 05:36:11 host=lab-srv-02 [kernel] scheduled task executed
2026-10-09 05:36:34 host=lab-srv-03 [sshd] authentication attempt accepted
2026-10-09 05:36:57 host=lab-srv-04 [sshd] scheduled task executed
2026-10-09 05:37:20 host=lab-srv-01 [systemd] memory pressure threshold observed
2026-10-09 05:37:43 host=lab-srv-02 [systemd] memory pressure threshold observed
2026-10-09 05:38:06 host=lab-srv-03 [sshd] scheduled task executed
2026-10-09 05:38:29 host=lab-srv-04 [NetworkManager] disk usage check completed
2026-10-09 05:38:52 host=lab-srv-01 [cron] service stopped cleanly
2026-10-09 05:39:15 host=lab-srv-02 [systemd] memory pressure threshold observed
2026-10-09 05:39:38 host=lab-srv-03 [NetworkManager] memory pressure threshold observed
2026-10-09 05:40:01 host=lab-srv-04 [NetworkManager] network interface state changed
2026-10-09 05:40:24 host=lab-srv-01 [cron] health check passed
2026-10-09 05:40:47 host=lab-srv-02 [kernel] service started
2026-10-09 05:41:10 host=lab-srv-03 [rsyslog] temporary resource unavailable
2026-10-09 05:41:33 host=lab-srv-04 [NetworkManager] health check passed
2026-10-09 05:41:56 host=lab-srv-01 [kernel] service stopped cleanly
2026-10-09 05:42:19 host=lab-srv-02 [kernel] scheduled task executed
2026-10-09 05:42:42 host=lab-srv-03 [sshd] temporary resource unavailable
2026-10-09 05:43:05 host=lab-srv-04 [NetworkManager] temporary resource unavailable
2026-10-09 05:43:28 host=lab-srv-01 [systemd] service stopped cleanly
2026-10-09 05:43:51 host=lab-srv-02 [NetworkManager] service stopped cleanly
2026-10-09 05:44:14 host=lab-srv-03 [cron] health check passed
2026-10-09 05:44:37 host=lab-srv-04 [cron] memory pressure threshold observed
2026-10-09 05:45:00 host=lab-srv-01 [cron] memory pressure threshold observed
2026-10-09 05:45:23 host=lab-srv-02 [rsyslog] log rotation completed
2026-10-09 05:45:46 host=lab-srv-03 [NetworkManager] temporary resource unavailable
2026-10-09 05:46:09 host=lab-srv-04 [kernel] service started
2026-10-09 05:46:32 host=lab-srv-01 [sshd] disk usage check completed
2026-10-09 05:46:55 host=lab-srv-02 [kernel] scheduled task executed
2026-10-09 05:47:18 host=lab-srv-03 [NetworkManager] temporary resource unavailable
2026-10-09 05:47:41 host=lab-srv-04 [rsyslog] memory pressure threshold observed
2026-10-09 05:48:04 host=lab-srv-01 [systemd] memory pressure threshold observed
2026-10-09 05:48:27 host=lab-srv-02 [cron] authentication attempt accepted
2026-10-09 05:48:50 host=lab-srv-03 [systemd] log rotation completed
2026-10-09 05:49:13 host=lab-srv-04 [cron] network interface state changed
2026-10-09 05:49:36 host=lab-srv-01 [systemd] network interface state changed
2026-10-09 05:49:59 host=lab-srv-02 [cron] disk usage check completed
2026-10-09 05:50:22 host=lab-srv-03 [cron] log rotation completed
2026-10-09 05:50:45 host=lab-srv-04 [rsyslog] service stopped cleanly
2026-10-09 05:51:08 host=lab-srv-01 [sshd] scheduled task executed
2026-10-09 05:51:31 host=lab-srv-02 [cron] log rotation completed
2026-10-09 05:51:54 host=lab-srv-03 [cron] disk usage check completed
2026-10-09 05:52:17 host=lab-srv-04 [rsyslog] memory pressure threshold observed
2026-10-09 05:52:40 host=lab-srv-01 [NetworkManager] service stopped cleanly
2026-10-09 05:53:03 host=lab-srv-02 [sshd] log rotation completed
2026-10-09 05:53:26 host=lab-srv-03 [sshd] memory pressure threshold observed
2026-10-09 05:53:49 host=lab-srv-04 [rsyslog] log rotation completed
2026-10-09 05:54:12 host=lab-srv-01 [NetworkManager] network interface state changed
2026-10-09 05:54:35 host=lab-srv-02 [systemd] health check passed
2026-10-09 05:54:58 host=lab-srv-03 [sshd] service stopped cleanly
2026-10-09 05:55:21 host=lab-srv-04 [cron] health check passed
2026-10-09 05:55:44 host=lab-srv-01 [kernel] scheduled task executed
2026-10-09 05:56:07 host=lab-srv-02 [NetworkManager] temporary resource unavailable
2026-10-09 05:56:30 host=lab-srv-03 [systemd] scheduled task executed
2026-10-09 05:56:53 host=lab-srv-04 [sshd] authentication attempt accepted
2026-10-09 05:57:16 host=lab-srv-01 [systemd] authentication attempt accepted
2026-10-09 05:57:39 host=lab-srv-02 [systemd] log rotation completed
2026-10-09 05:58:02 host=lab-srv-03 [systemd] network interface state changed
2026-10-09 05:58:25 host=lab-srv-04 [rsyslog] authentication attempt accepted
2026-10-09 05:58:48 host=lab-srv-01 [cron] network interface state changed
2026-10-09 05:59:11 host=lab-srv-02 [kernel] health check passed
2026-10-09 05:59:34 host=lab-srv-03 [kernel] service stopped cleanly
2026-10-09 05:59:57 host=lab-srv-04 [rsyslog] service started
2026-10-09 06:00:20 host=lab-srv-01 [sshd] network interface state changed
2026-10-09 06:00:43 host=lab-srv-02 [kernel] temporary resource unavailable
2026-10-09 06:01:06 host=lab-srv-03 [kernel] scheduled task executed
2026-10-09 06:01:29 host=lab-srv-04 [kernel] temporary resource unavailable
2026-10-09 06:01:52 host=lab-srv-01 [NetworkManager] network interface state changed
2026-10-09 06:02:15 host=lab-srv-02 [cron] scheduled task executed
2026-10-09 06:02:38 host=lab-srv-03 [cron] service stopped cleanly
2026-10-09 06:03:01 host=lab-srv-04 [cron] service started
2026-10-09 06:03:24 host=lab-srv-01 [kernel] service started
2026-10-09 06:03:47 host=lab-srv-02 [sshd] temporary resource unavailable
2026-10-09 06:04:10 host=lab-srv-03 [sshd] authentication attempt accepted
2026-10-09 06:04:33 host=lab-srv-04 [rsyslog] authentication attempt accepted
2026-10-09 06:04:56 host=lab-srv-01 [rsyslog] authentication attempt accepted
2026-10-09 06:05:19 host=lab-srv-02 [cron] memory pressure threshold observed
2026-10-09 06:05:42 host=lab-srv-03 [NetworkManager] service started
2026-10-09 06:06:05 host=lab-srv-04 [rsyslog] service started
2026-10-09 06:06:28 host=lab-srv-01 [kernel] scheduled task executed
2026-10-09 06:06:51 host=lab-srv-02 [rsyslog] scheduled task executed
2026-10-09 06:07:14 host=lab-srv-03 [NetworkManager] service started
2026-10-09 06:07:37 host=lab-srv-04 [sshd] disk usage check completed
2026-10-09 06:08:00 host=lab-srv-01 [NetworkManager] disk usage check completed
2026-10-09 06:08:23 host=lab-srv-02 [rsyslog] disk usage check completed
2026-10-09 06:08:46 host=lab-srv-03 [kernel] memory pressure threshold observed
2026-10-09 06:09:09 host=lab-srv-04 [cron] log rotation completed
2026-10-09 06:09:32 host=lab-srv-01 [cron] authentication attempt accepted
2026-10-09 06:09:55 host=lab-srv-02 [kernel] disk usage check completed
2026-10-09 06:10:18 host=lab-srv-03 [rsyslog] health check passed
2026-10-09 06:10:41 host=lab-srv-04 [NetworkManager] memory pressure threshold observed
2026-10-09 06:11:04 host=lab-srv-01 [NetworkManager] service stopped cleanly
2026-10-09 06:11:27 host=lab-srv-02 [systemd] health check passed
2026-10-09 06:11:50 host=lab-srv-03 [rsyslog] network interface state changed
2026-10-09 06:12:13 host=lab-srv-04 [NetworkManager] temporary resource unavailable
2026-10-09 06:12:36 host=lab-srv-01 [NetworkManager] disk usage check completed
2026-10-09 06:12:59 host=lab-srv-02 [cron] service stopped cleanly
2026-10-09 06:13:22 host=lab-srv-03 [kernel] service stopped cleanly
2026-10-09 06:13:45 host=lab-srv-04 [cron] disk usage check completed
2026-10-09 06:14:08 host=lab-srv-01 [rsyslog] network interface state changed
2026-10-09 06:14:31 host=lab-srv-02 [cron] disk usage check completed
2026-10-09 06:14:54 host=lab-srv-03 [rsyslog] disk usage check completed
2026-10-09 06:15:17 host=lab-srv-04 [sshd] scheduled task executed
2026-10-09 06:15:40 host=lab-srv-01 [NetworkManager] authentication attempt accepted
2026-10-09 06:16:03 host=lab-srv-02 [systemd] temporary resource unavailable
2026-10-09 06:16:26 host=lab-srv-03 [kernel] network interface state changed
2026-10-09 06:16:49 host=lab-srv-04 [rsyslog] scheduled task executed
2026-10-09 06:17:12 host=lab-srv-01 [rsyslog] service started
2026-10-09 06:17:35 host=lab-srv-02 [rsyslog] log rotation completed
2026-10-09 06:17:58 host=lab-srv-03 [cron] disk usage check completed
2026-10-09 06:18:21 host=lab-srv-04 [kernel] memory pressure threshold observed
2026-10-09 06:18:44 host=lab-srv-01 [kernel] service started
2026-10-09 06:19:07 host=lab-srv-02 [NetworkManager] temporary resource unavailable
2026-10-09 06:19:30 host=lab-srv-03 [sshd] network interface state changed
2026-10-09 06:19:53 host=lab-srv-04 [rsyslog] authentication attempt accepted
2026-10-09 06:20:16 host=lab-srv-01 [rsyslog] health check passed
2026-10-09 06:20:39 host=lab-srv-02 [rsyslog] log rotation completed
2026-10-09 06:21:02 host=lab-srv-03 [rsyslog] network interface state changed
2026-10-09 06:21:25 host=lab-srv-04 [NetworkManager] disk usage check completed
2026-10-09 06:21:48 host=lab-srv-01 [sshd] health check passed
2026-10-09 06:22:11 host=lab-srv-02 [sshd] disk usage check completed
2026-10-09 06:22:34 host=lab-srv-03 [systemd] log rotation completed
2026-10-09 06:22:57 host=lab-srv-04 [sshd] disk usage check completed
